// Bun Snapshot v1, https://goo.gl/fbAQLP

exports[`code generate 1`] = `
"import { krMap, vrMap, kvMap } from "../";
export const TEST_records = [{ "value": "hello", "key": "hello-hello" }, { "value": "world", "key": "world-world" }] as const;
export type TEST_Records = typeof TEST_records;
export type TEST_Values = TEST_Records[number]["value"];
export enum TEST_Keys {
    HelloHello = "HelloHello",
    WorldWorld = "WorldWorld"
}
export const TEST_key_list = [TEST_Keys.HelloHello, TEST_Keys.WorldWorld] as const;
export const TEST_kr = krMap(TEST_records, TEST_key_list);
export const TEST_vr = vrMap(TEST_records, TEST_key_list, "value");
export const TEST_kv = kvMap(TEST_records, TEST_key_list, "value");
"
`;
